// Jest Snapshot v1, https://goo.gl/fbAQLP

exports[`simple snapshots matches the shallow snapshot 1`] = `
<section>
  <Dice
    dice={
      Array [
        1,
        1,
        1,
        1,
        1,
        1,
      ]
    }
    handleClick={[Function]}
    locked={
      Array [
        false,
        false,
        false,
        false,
        false,
      ]
    }
  />
  <styled.button
    className="Game-reroll"
    disabled={false}
    onClick={[Function]}
  >
    2
     Rerolls Left
  </styled.button>
  <ScoreTable
    doScore={[Function]}
    scores={
      Object {
        "chance": undefined,
        "fives": undefined,
        "fourOfKind": undefined,
        "fours": undefined,
        "fullHouse": undefined,
        "largeStraight": undefined,
        "ones": undefined,
        "sixes": undefined,
        "smallStraight": undefined,
        "threeOfKind": undefined,
        "threes": undefined,
        "twos": undefined,
        "yahtzee": undefined,
      }
    }
  />
</section>
`;
